
> mailpackr@0.1.0 dev
> next dev

 ⚠ Attempted to load /Users/suprabhatkumar/Documents/React/startup/mailpackr/node_modules/next/next-swc-fallback/@next/swc-darwin-arm64/next-swc.darwin-arm64.node, but it was not installed
 ⚠ Attempted to load @next/swc-darwin-arm64, but it was not installed
 ⚠ Attempted to load /Users/suprabhatkumar/Documents/React/startup/mailpackr/node_modules/next/next-swc-fallback/@next/swc-darwin-arm64/next-swc.darwin-arm64.node, but it was not installed
 ⚠ Attempted to load @next/swc-darwin-arm64, but it was not installed
   ▲ Next.js 15.3.4
   - Local:        http://localhost:3000
   - Network:      http://192.168.1.5:3000
   - Environments: .env

 ✓ Starting...
 ✓ Ready in 1885ms
 ✓ Compiled /middleware in 161ms (108 modules)
 ○ Compiling /api/campaigns ...
 ✓ Compiled /api/campaigns in 1651ms (787 modules)
 ○ Compiling / ...
 ✓ Compiled / in 916ms (1198 modules)
 GET / 200 in 1676ms
 ✓ Compiled in 840ms (342 modules)
 GET /api/campaigns 200 in 5937ms
 ✓ Compiled /api/auth/[...all] in 443ms (1200 modules)
 GET /api/auth/get-session 405 in 1231ms
 ○ Compiling /campaigns ...
 ✓ Compiled /campaigns in 1608ms (1504 modules)
 GET /campaigns 200 in 1777ms
 GET /campaigns 200 in 19ms
 GET /campaigns 200 in 14ms
 GET /api/campaigns 200 in 1083ms
 GET /api/campaigns 200 in 337ms
 GET /campaigns 200 in 56ms
 GET /campaigns 200 in 68ms
 GET /api/auth/get-session 405 in 30ms
 GET /api/campaigns 200 in 807ms
 GET /api/campaigns 200 in 344ms
 ○ Compiling /campaigns/new ...
 ✓ Compiled /campaigns/new in 1461ms (1539 modules)
 GET /campaigns/new 200 in 1567ms
 ○ Compiling /api/lists ...
 ✓ Compiled /api/lists in 1889ms (1543 modules)
 GET /api/lists 200 in 2479ms
 GET /api/templates 200 in 3018ms
 GET /api/templates 200 in 615ms
 GET /api/lists 200 in 1125ms
 ○ Compiling /_not-found ...
 ✓ Compiled /_not-found in 1256ms (1547 modules)
 GET /.well-known/appspecific/com.chrome.devtools.json 404 in 1652ms
 ○ Compiling /api/lists/[listId]/subscribers ...
 ✓ Compiled /api/lists/[listId]/subscribers in 723ms (1549 modules)
 GET /api/lists/cmdowqdsg00043v0xipjbnybv/subscribers 200 in 1659ms
 POST /api/campaigns 201 in 959ms
 ○ Compiling /api/campaigns/[campaignId]/send ...
 ✓ Compiled /api/campaigns/[campaignId]/send in 962ms (2273 modules)
No valid request body, sending immediately
Campaign status updated to SENDING
Sending email to kumar.suprabhat1544@gmail.com
Failed to send email to kumar.suprabhat1544@gmail.com: ConfigurationSetDoesNotExistException: Configuration set <mailpackr-config> does not exist.
    at async sendEmail (lib/ses.ts:58:9)
    at async sendCampaign (lib/email-service.ts:52:10)
    at async POST (app/api/campaigns/[campaignId]/send/route.ts:89:21)
  56 |   });
  57 |
> 58 |   return await sesClient.send(command);
     |         ^
  59 | }
  60 |
  61 | export interface BulkEmailDestination { {
  '$fault': 'client',
  '$metadata': [Object],
  ConfigurationSetName: undefined,
  Error: [Object],
  RequestId: '2b311109-67e7-4eb2-8045-51fbf6d33b7d',
  xmlns: 'http://ses.amazonaws.com/doc/2010-12-01/'
}
Sending email to tradingrusty@gmail.com
Failed to send email to tradingrusty@gmail.com: ConfigurationSetDoesNotExistException: Configuration set <mailpackr-config> does not exist.
    at async sendEmail (lib/ses.ts:58:9)
    at async sendCampaign (lib/email-service.ts:52:10)
    at async POST (app/api/campaigns/[campaignId]/send/route.ts:89:21)
  56 |   });
  57 |
> 58 |   return await sesClient.send(command);
     |         ^
  59 | }
  60 |
  61 | export interface BulkEmailDestination { {
  '$fault': 'client',
  '$metadata': [Object],
  ConfigurationSetName: undefined,
  Error: [Object],
  RequestId: 'b542a114-524d-4521-ae58-7f718a561eff',
  xmlns: 'http://ses.amazonaws.com/doc/2010-12-01/'
}
 POST /api/campaigns/cmdtzd5gk000177rgdmq5jx54/send 200 in 6576ms
 GET /campaigns 200 in 136ms
 GET /api/campaigns 200 in 593ms
 GET /api/campaigns 200 in 335ms
No valid request body, sending immediately
Campaign status updated to SENDING
Sending email to kumar.suprabhat1544@gmail.com
Failed to send email to kumar.suprabhat1544@gmail.com: ConfigurationSetDoesNotExistException: Configuration set <mailpackr-config> does not exist.
    at async sendEmail (lib/ses.ts:58:9)
    at async sendCampaign (lib/email-service.ts:52:10)
    at async POST (app/api/campaigns/[campaignId]/send/route.ts:89:21)
  56 |   });
  57 |
> 58 |   return await sesClient.send(command);
     |         ^
  59 | }
  60 |
  61 | export interface BulkEmailDestination { {
  '$fault': 'client',
  '$metadata': [Object],
  ConfigurationSetName: undefined,
  Error: [Object],
  RequestId: '30c20050-861f-4c89-8924-048014dfb7a1',
  xmlns: 'http://ses.amazonaws.com/doc/2010-12-01/'
}
Sending email to tradingrusty@gmail.com
Failed to send email to tradingrusty@gmail.com: ConfigurationSetDoesNotExistException: Configuration set <mailpackr-config> does not exist.
    at async sendEmail (lib/ses.ts:58:9)
    at async sendCampaign (lib/email-service.ts:52:10)
    at async POST (app/api/campaigns/[campaignId]/send/route.ts:89:21)
  56 |   });
  57 |
> 58 |   return await sesClient.send(command);
     |         ^
  59 | }
  60 |
  61 | export interface BulkEmailDestination { {
  '$fault': 'client',
  '$metadata': [Object],
  ConfigurationSetName: undefined,
  Error: [Object],
  RequestId: '1964ec88-e5e9-4131-b492-c21a4f273f08',
  xmlns: 'http://ses.amazonaws.com/doc/2010-12-01/'
}
 POST /api/campaigns/cmdowqebf00083v0xgcnjazwp/send 200 in 4277ms
 GET /analytics 404 in 275ms
 GET /analytics 404 in 156ms
 GET /.well-known/appspecific/com.chrome.devtools.json 404 in 597ms
 GET /api/auth/get-session 405 in 53ms
 GET /campaigns 200 in 81ms
 GET /.well-known/appspecific/com.chrome.devtools.json 404 in 110ms
 GET /api/auth/get-session 405 in 45ms
 GET /api/campaigns 200 in 1271ms
 GET /api/campaigns 200 in 430ms
   Reload env: .env
 ✓ Compiled in 2.6s (1204 modules)
 ○ Compiling /_error ...
 ✓ Compiled /_error in 1436ms (1430 modules)
 GET /campaigns 404 in 2ms
 ○ Compiling /_not-found ...
 ✓ Compiled /_not-found in 963ms (1434 modules)
 ⨯ Error: ENOENT: no such file or directory, open '/Users/suprabhatkumar/Documents/React/startup/mailpackr/.next/server/vendor-chunks/@better-fetch.js'
    at __webpack_require__.f.require (.next/server/webpack-runtime.js:203:28)
    at <unknown> (.next/server/webpack-runtime.js:111:40)
    at Array.reduce (<anonymous>)
    at __webpack_require__.e (.next/server/webpack-runtime.js:110:67)
    at Array.map (<anonymous>)
    at __webpack_require__.X (.next/server/webpack-runtime.js:162:22)
    at <unknown> (.next/server/app/_not-found/page.js:238:47)
    at Object.<anonymous> (.next/server/app/_not-found/page.js:241:3) {
  errno: -2,
  syscall: 'open',
  code: 'ENOENT',
  path: '/Users/suprabhatkumar/Documents/React/startup/mailpackr/.next/server/vendor-chunks/@better-fetch.js'
}
 GET /.well-known/appspecific/com.chrome.devtools.json 404 in 22ms
 ⨯ Error: ENOENT: no such file or directory, open '/Users/suprabhatkumar/Documents/React/startup/mailpackr/.next/server/vendor-chunks/@better-fetch.js'
    at __webpack_require__.f.require (.next/server/webpack-runtime.js:203:28)
    at <unknown> (.next/server/webpack-runtime.js:111:40)
    at Array.reduce (<anonymous>)
    at __webpack_require__.e (.next/server/webpack-runtime.js:110:67)
    at Array.map (<anonymous>)
    at __webpack_require__.X (.next/server/webpack-runtime.js:162:22)
    at <unknown> (.next/server/app/_not-found/page.js:238:47)
    at Object.<anonymous> (.next/server/app/_not-found/page.js:241:3) {
  errno: -2,
  syscall: 'open',
  code: 'ENOENT',
  path: '/Users/suprabhatkumar/Documents/React/startup/mailpackr/.next/server/vendor-chunks/@better-fetch.js'
}
<w> [webpack.cache.PackFileCacheStrategy] Caching failed for pack: Error: ENOENT: no such file or directory, rename '/Users/suprabhatkumar/Documents/React/startup/mailpackr/.next/cache/webpack/client-development-fallback/1.pack.gz_' -> '/Users/suprabhatkumar/Documents/React/startup/mailpackr/.next/cache/webpack/client-development-fallback/1.pack.gz'
<w> [webpack.cache.PackFileCacheStrategy] Caching failed for pack: Error: ENOENT: no such file or directory, rename '/Users/suprabhatkumar/Documents/React/startup/mailpackr/.next/cache/webpack/client-development-fallback/0.pack.gz_' -> '/Users/suprabhatkumar/Documents/React/startup/mailpackr/.next/cache/webpack/client-development-fallback/0.pack.gz'
 ✓ Compiled in 6.5s (1432 modules)
 ✓ Compiled in 1677ms (1430 modules)
 GET /api/auth/get-session 404 in 7ms
 ○ Compiling /_not-found ...
 ✓ Compiled /_not-found in 726ms (1434 modules)
 POST /api/campaigns 404 in 7ms
 ✓ Compiled in 1213ms (772 modules)
 POST /api/campaigns 404 in 4ms
 ○ Compiling /_not-found ...
 ✓ Compiled /_not-found in 581ms (1434 modules)
 ✓ Compiled in 946ms (772 modules)
 ✓ Compiled in 833ms (772 modules)
 ✓ Compiled in 1021ms (772 modules)
 GET /api/auth/get-session 404 in 42ms
 ○ Compiling /_not-found ...
 ✓ Compiled /_not-found in 1768ms (1434 modules)
 POST /api/campaigns 404 in 20ms
 ✓ Compiled in 705ms (775 modules)
 ✓ Compiled in 509ms (775 modules)
 ✓ Compiled in 348ms (772 modules)
 ✓ Compiled in 1140ms (772 modules)
 GET /api/auth/get-session 404 in 20ms
 ○ Compiling /_not-found ...
 ✓ Compiled /_not-found in 1403ms (1434 modules)
 ⨯ [TypeError: Cannot read properties of undefined (reading 'definition')]
 ✓ Compiled in 2.9s (1448 modules)
 POST /api/campaigns 404 in 2ms
 POST /api/campaigns 404 in 5ms
 ✓ Compiled in 3.3s (1444 modules)
 ⨯ [Error: ENOENT: no such file or directory, open '/Users/suprabhatkumar/Documents/React/startup/mailpackr/.next/server/pages/_document.js'] {
  errno: -2,
  syscall: 'open',
  code: 'ENOENT',
  path: '/Users/suprabhatkumar/Documents/React/startup/mailpackr/.next/server/pages/_document.js'
}
 POST /api/campaigns 404 in 1ms
 ✓ Compiled /_not-found in 460ms (1434 modules)
 ⨯ [Error: ENOENT: no such file or directory, open '/Users/suprabhatkumar/Documents/React/startup/mailpackr/.next/server/pages/_document.js'] {
  errno: -2,
  syscall: 'open',
  code: 'ENOENT',
  path: '/Users/suprabhatkumar/Documents/React/startup/mailpackr/.next/server/pages/_document.js'
}
 POST /api/campaigns 404 in 2ms
 ⨯ [Error: ENOENT: no such file or directory, open '/Users/suprabhatkumar/Documents/React/startup/mailpackr/.next/server/pages/_document.js'] {
  errno: -2,
  syscall: 'open',
  code: 'ENOENT',
  path: '/Users/suprabhatkumar/Documents/React/startup/mailpackr/.next/server/pages/_document.js'
}
 POST /api/campaigns 404 in 1ms
